<?xml version="1.0" encoding="ISO-8859-1" ?>
<link_info>
   <banner>TI ARM Clang Linker PC v4.0.3.LTS</banner>
   <copyright>Copyright (c) 1996-2018 Texas Instruments Incorporated</copyright>
   <command_line>C:\ti\ccs2020\ccs\tools\compiler\ti-cgt-armllvm_4.0.3.LTS\bin\tiarmlnk -IC:\ti\ccs2020\ccs\tools\compiler\ti-cgt-armllvm_4.0.3.LTS\lib -o empty_LP_MSPM0G3507_nortos_ticlang.out -mempty_LP_MSPM0G3507_nortos_ticlang.map -iC:/ti/mspm0_sdk_2_05_01_00/source -iD:/MSPprojectb3 ture/empty_LP_MSPM0G3507_nortos_ticlang -iD:/MSPprojectb3 ture/empty_LP_MSPM0G3507_nortos_ticlang/Debug/syscfg -iC:/ti/ccs2020/ccs/tools/compiler/ti-cgt-armllvm_4.0.3.LTS/lib --diag_wrap=off --display_error_number --warn_sections --xml_link_info=empty_LP_MSPM0G3507_nortos_ticlang_linkInfo.xml --rom_model ./Delay.o ./Encoder.o ./Key.o ./Motor.o ./PWM.o ./empty.o ./ti_msp_dl_config.o ./startup_mspm0g350x_ticlang.o ./line.o ./menu.o ./oled_hardware_i2c.o ./sensor.o -l./device_linker.cmd -ldevice.cmd.genlibs -llibc.a --start-group -llibc++.a -llibc++abi.a -llibc.a -llibsys.a -llibsysbm.a -llibclang_rt.builtins.a -llibclang_rt.profile.a --end-group --cg_opt_level=2</command_line>
   <link_time>0x69c12fa3</link_time>
   <link_errors>0x0</link_errors>
   <output_file>D:\MSPprojectb3 ture\empty_LP_MSPM0G3507_nortos_ticlang\Debug\empty_LP_MSPM0G3507_nortos_ticlang.out</output_file>
   <entry_point>
      <name>_c_int00_noargs</name>
      <address>0x5c31</address>
   </entry_point>
   <input_file_list>
      <input_file id="fl-1">
         <path>D:\MSPprojectb3 ture\empty_LP_MSPM0G3507_nortos_ticlang\Debug\.\</path>
         <kind>object</kind>
         <file>Delay.o</file>
         <name>Delay.o</name>
      </input_file>
      <input_file id="fl-2">
         <path>D:\MSPprojectb3 ture\empty_LP_MSPM0G3507_nortos_ticlang\Debug\.\</path>
         <kind>object</kind>
         <file>Encoder.o</file>
         <name>Encoder.o</name>
      </input_file>
      <input_file id="fl-3">
         <path>D:\MSPprojectb3 ture\empty_LP_MSPM0G3507_nortos_ticlang\Debug\.\</path>
         <kind>object</kind>
         <file>Key.o</file>
         <name>Key.o</name>
      </input_file>
      <input_file id="fl-4">
         <path>D:\MSPprojectb3 ture\empty_LP_MSPM0G3507_nortos_ticlang\Debug\.\</path>
         <kind>object</kind>
         <file>Motor.o</file>
         <name>Motor.o</name>
      </input_file>
      <input_file id="fl-5">
         <path>D:\MSPprojectb3 ture\empty_LP_MSPM0G3507_nortos_ticlang\Debug\.\</path>
         <kind>object</kind>
         <file>PWM.o</file>
         <name>PWM.o</name>
      </input_file>
      <input_file id="fl-6">
         <path>D:\MSPprojectb3 ture\empty_LP_MSPM0G3507_nortos_ticlang\Debug\.\</path>
         <kind>object</kind>
         <file>empty.o</file>
         <name>empty.o</name>
      </input_file>
      <input_file id="fl-7">
         <path>D:\MSPprojectb3 ture\empty_LP_MSPM0G3507_nortos_ticlang\Debug\.\</path>
         <kind>object</kind>
         <file>ti_msp_dl_config.o</file>
         <name>ti_msp_dl_config.o</name>
      </input_file>
      <input_file id="fl-8">
         <path>D:\MSPprojectb3 ture\empty_LP_MSPM0G3507_nortos_ticlang\Debug\.\</path>
         <kind>object</kind>
         <file>startup_mspm0g350x_ticlang.o</file>
         <name>startup_mspm0g350x_ticlang.o</name>
      </input_file>
      <input_file id="fl-9">
         <path>D:\MSPprojectb3 ture\empty_LP_MSPM0G3507_nortos_ticlang\Debug\.\</path>
         <kind>object</kind>
         <file>line.o</file>
         <name>line.o</name>
      </input_file>
      <input_file id="fl-a">
         <path>D:\MSPprojectb3 ture\empty_LP_MSPM0G3507_nortos_ticlang\Debug\.\</path>
         <kind>object</kind>
         <file>menu.o</file>
         <name>menu.o</name>
      </input_file>
      <input_file id="fl-b">
         <path>D:\MSPprojectb3 ture\empty_LP_MSPM0G3507_nortos_ticlang\Debug\.\</path>
         <kind>object</kind>
         <file>oled_hardware_i2c.o</file>
         <name>oled_hardware_i2c.o</name>
      </input_file>
      <input_file id="fl-c">
         <path>D:\MSPprojectb3 ture\empty_LP_MSPM0G3507_nortos_ticlang\Debug\.\</path>
         <kind>object</kind>
         <file>sensor.o</file>
         <name>sensor.o</name>
      </input_file>
      <input_file id="fl-19">
         <path>D:\MSPprojectb3 ture\empty_LP_MSPM0G3507_nortos_ticlang\Debug\</path>
         <kind>object</kind>
         <file>&lt;internal&gt;</file>
         <name>&lt;internal&gt;</name>
      </input_file>
      <input_file id="fl-1a">
         <path>C:\ti\mspm0_sdk_2_05_01_00\source\ti\driverlib\lib\ticlang\m0p\mspm0g1x0x_g3x0x\</path>
         <kind>archive</kind>
         <file>driverlib.a</file>
         <name>dl_common.o</name>
      </input_file>
      <input_file id="fl-1b">
         <path>C:\ti\mspm0_sdk_2_05_01_00\source\ti\driverlib\lib\ticlang\m0p\mspm0g1x0x_g3x0x\</path>
         <kind>archive</kind>
         <file>driverlib.a</file>
         <name>dl_i2c.o</name>
      </input_file>
      <input_file id="fl-1c">
         <path>C:\ti\mspm0_sdk_2_05_01_00\source\ti\driverlib\lib\ticlang\m0p\mspm0g1x0x_g3x0x\</path>
         <kind>archive</kind>
         <file>driverlib.a</file>
         <name>dl_timer.o</name>
      </input_file>
      <input_file id="fl-33">
         <path>C:\ti\ccs2020\ccs\tools\compiler\ti-cgt-armllvm_4.0.3.LTS\lib\armv6m-ti-none-eabi\c\</path>
         <kind>archive</kind>
         <file>libc.a</file>
         <name>boot_cortex_m.c.obj</name>
      </input_file>
      <input_file id="fl-34">
         <path>C:\ti\ccs2020\ccs\tools\compiler\ti-cgt-armllvm_4.0.3.LTS\lib\armv6m-ti-none-eabi\c\</path>
         <kind>archive</kind>
         <file>libc.a</file>
         <name>mathacl_init.c.obj</name>
      </input_file>
      <input_file id="fl-35">
         <path>C:\ti\ccs2020\ccs\tools\compiler\ti-cgt-armllvm_4.0.3.LTS\lib\armv6m-ti-none-eabi\c\</path>
         <kind>archive</kind>
         <file>libc.a</file>
         <name>autoinit.c.obj</name>
      </input_file>
      <input_file id="fl-36">
         <path>C:\ti\ccs2020\ccs\tools\compiler\ti-cgt-armllvm_4.0.3.LTS\lib\armv6m-ti-none-eabi\c\</path>
         <kind>archive</kind>
         <file>libc.a</file>
         <name>pre_init.c.obj</name>
      </input_file>
      <input_file id="fl-37">
         <path>C:\ti\ccs2020\ccs\tools\compiler\ti-cgt-armllvm_4.0.3.LTS\lib\armv6m-ti-none-eabi\c\</path>
         <kind>archive</kind>
         <file>libc.a</file>
         <name>cpy_tbl.c.obj</name>
      </input_file>
      <input_file id="fl-38">
         <path>C:\ti\ccs2020\ccs\tools\compiler\ti-cgt-armllvm_4.0.3.LTS\lib\armv6m-ti-none-eabi\c\</path>
         <kind>archive</kind>
         <file>libc.a</file>
         <name>copy_zero_init.c.obj</name>
      </input_file>
      <input_file id="fl-39">
         <path>C:\ti\ccs2020\ccs\tools\compiler\ti-cgt-armllvm_4.0.3.LTS\lib\armv6m-ti-none-eabi\c\</path>
         <kind>archive</kind>
         <file>libc.a</file>
         <name>copy_decompress_none.c.obj</name>
      </input_file>
      <input_file id="fl-3a">
         <path>C:\ti\ccs2020\ccs\tools\compiler\ti-cgt-armllvm_4.0.3.LTS\lib\armv6m-ti-none-eabi\c\</path>
         <kind>archive</kind>
         <file>libc.a</file>
         <name>copy_decompress_lzss.c.obj</name>
      </input_file>
      <input_file id="fl-3b">
         <path>C:\ti\ccs2020\ccs\tools\compiler\ti-cgt-armllvm_4.0.3.LTS\lib\armv6m-ti-none-eabi\c\</path>
         <kind>archive</kind>
         <file>libc.a</file>
         <name>exit.c.obj</name>
      </input_file>
      <input_file id="fl-3c">
         <path>C:\ti\ccs2020\ccs\tools\compiler\ti-cgt-armllvm_4.0.3.LTS\lib\armv6m-ti-none-eabi\c\</path>
         <kind>archive</kind>
         <file>libc.a</file>
         <name>_lock.c.obj</name>
      </input_file>
      <input_file id="fl-3d">
         <path>C:\ti\ccs2020\ccs\tools\compiler\ti-cgt-armllvm_4.0.3.LTS\lib\armv6m-ti-none-eabi\c\</path>
         <kind>archive</kind>
         <file>libc.a</file>
         <name>args_main.c.obj</name>
      </input_file>
      <input_file id="fl-dd">
         <path>C:\ti\ccs2020\ccs\tools\compiler\ti-cgt-armllvm_4.0.3.LTS\lib\armv6m-ti-none-eabi\c\</path>
         <kind>archive</kind>
         <file>libsysbm.a</file>
         <name>hostexit.c.obj</name>
      </input_file>
      <input_file id="fl-de">
         <path>C:\ti\ccs2020\ccs\tools\compiler\ti-cgt-armllvm_4.0.3.LTS\lib\armv6m-ti-none-eabi\</path>
         <kind>archive</kind>
         <file>libclang_rt.builtins.a</file>
         <name>addsf3.S.obj</name>
      </input_file>
      <input_file id="fl-df">
         <path>C:\ti\ccs2020\ccs\tools\compiler\ti-cgt-armllvm_4.0.3.LTS\lib\armv6m-ti-none-eabi\</path>
         <kind>archive</kind>
         <file>libclang_rt.builtins.a</file>
         <name>mulsf3.S.obj</name>
      </input_file>
      <input_file id="fl-e0">
         <path>C:\ti\ccs2020\ccs\tools\compiler\ti-cgt-armllvm_4.0.3.LTS\lib\armv6m-ti-none-eabi\</path>
         <kind>archive</kind>
         <file>libclang_rt.builtins.a</file>
         <name>fixsfsi.S.obj</name>
      </input_file>
      <input_file id="fl-e1">
         <path>C:\ti\ccs2020\ccs\tools\compiler\ti-cgt-armllvm_4.0.3.LTS\lib\armv6m-ti-none-eabi\</path>
         <kind>archive</kind>
         <file>libclang_rt.builtins.a</file>
         <name>fixunssfsi.S.obj</name>
      </input_file>
      <input_file id="fl-e2">
         <path>C:\ti\ccs2020\ccs\tools\compiler\ti-cgt-armllvm_4.0.3.LTS\lib\armv6m-ti-none-eabi\</path>
         <kind>archive</kind>
         <file>libclang_rt.builtins.a</file>
         <name>floatsisf.S.obj</name>
      </input_file>
      <input_file id="fl-e3">
         <path>C:\ti\ccs2020\ccs\tools\compiler\ti-cgt-armllvm_4.0.3.LTS\lib\armv6m-ti-none-eabi\</path>
         <kind>archive</kind>
         <file>libclang_rt.builtins.a</file>
         <name>floatunsisf.S.obj</name>
      </input_file>
      <input_file id="fl-e4">
         <path>C:\ti\ccs2020\ccs\tools\compiler\ti-cgt-armllvm_4.0.3.LTS\lib\armv6m-ti-none-eabi\</path>
         <kind>archive</kind>
         <file>libclang_rt.builtins.a</file>
         <name>aeabi_idivmod.S.obj</name>
      </input_file>
      <input_file id="fl-e5">
         <path>C:\ti\ccs2020\ccs\tools\compiler\ti-cgt-armllvm_4.0.3.LTS\lib\armv6m-ti-none-eabi\</path>
         <kind>archive</kind>
         <file>libclang_rt.builtins.a</file>
         <name>aeabi_memcpy.S.obj</name>
      </input_file>
      <input_file id="fl-e6">
         <path>C:\ti\ccs2020\ccs\tools\compiler\ti-cgt-armllvm_4.0.3.LTS\lib\armv6m-ti-none-eabi\</path>
         <kind>archive</kind>
         <file>libclang_rt.builtins.a</file>
         <name>aeabi_memset.S.obj</name>
      </input_file>
      <input_file id="fl-e7">
         <path>C:\ti\ccs2020\ccs\tools\compiler\ti-cgt-armllvm_4.0.3.LTS\lib\armv6m-ti-none-eabi\</path>
         <kind>archive</kind>
         <file>libclang_rt.builtins.a</file>
         <name>aeabi_uidivmod.S.obj</name>
      </input_file>
      <input_file id="fl-e8">
         <path>C:\ti\ccs2020\ccs\tools\compiler\ti-cgt-armllvm_4.0.3.LTS\lib\armv6m-ti-none-eabi\</path>
         <kind>archive</kind>
         <file>libclang_rt.builtins.a</file>
         <name>muldsi3.S.obj</name>
      </input_file>
      <input_file id="fl-e9">
         <path>C:\ti\ccs2020\ccs\tools\compiler\ti-cgt-armllvm_4.0.3.LTS\lib\armv6m-ti-none-eabi\</path>
         <kind>archive</kind>
         <file>libclang_rt.builtins.a</file>
         <name>aeabi_div0.c.obj</name>
      </input_file>
      <input_file id="fl-ea">
         <path>C:\ti\ccs2020\ccs\tools\compiler\ti-cgt-armllvm_4.0.3.LTS\lib\armv6m-ti-none-eabi\c\</path>
         <kind>archive</kind>
         <file>libc.a</file>
         <name>memcpy16.S.obj</name>
      </input_file>
      <input_file id="fl-eb">
         <path>C:\ti\ccs2020\ccs\tools\compiler\ti-cgt-armllvm_4.0.3.LTS\lib\armv6m-ti-none-eabi\c\</path>
         <kind>archive</kind>
         <file>libc.a</file>
         <name>memset16.S.obj</name>
      </input_file>
   </input_file_list>
   <object_component_list>
      <object_component id="oc-18">
         <name>.intvecs</name>
         <load_address>0x0</load_address>
         <readonly>true</readonly>
         <run_address>0x0</run_address>
         <size>0xc0</size>
         <alignment>0x4</alignment>
         <input_file_ref idref="fl-8"/>
      </object_component>
      <object_component id="oc-9f">
         <name>.text.OLED_Init</name>
         <load_address>0xc0</load_address>
         <readonly>true</readonly>
         <executable>true</executable>
         <run_address>0xc0</run_address>
         <size>0x2df0</size>
         <alignment>0x4</alignment>
         <input_file_ref idref="fl-b"/>
      </object_component>
      <object_component id="oc-ad">
         <name>.text.OLED_Clear</name>
         <load_address>0x2eb0</load_address>
         <readonly>true</readonly>
         <executable>true</executable>
         <run_address>0x2eb0</run_address>
         <size>0x6e4</size>
         <alignment>0x4</alignment>
         <input_file_ref idref="fl-b"/>
      </object_component>
      <object_component id="oc-17d">
         <name>.text.OLED_Set_Pos</name>
         <load_address>0x3594</load_address>
         <readonly>true</readonly>
         <executable>true</executable>
         <run_address>0x3594</run_address>
         <size>0x518</size>
         <alignment>0x4</alignment>
         <input_file_ref idref="fl-b"/>
      </object_component>
      <object_component id="oc-b4">
         <name>.text.Menu_Run</name>
         <load_address>0x3aac</load_address>
         <readonly>true</readonly>
         <executable>true</executable>
         <run_address>0x3aac</run_address>
         <size>0x498</size>
         <alignment>0x4</alignment>
         <input_file_ref idref="fl-a"/>
      </object_component>
      <object_component id="oc-fb">
         <name>.text.OLED_ShowNum</name>
         <load_address>0x3f44</load_address>
         <readonly>true</readonly>
         <executable>true</executable>
         <run_address>0x3f44</run_address>
         <size>0x490</size>
         <alignment>0x2</alignment>
         <input_file_ref idref="fl-b"/>
      </object_component>
      <object_component id="oc-11d">
         <name>.text.OLED_ShowChar</name>
         <load_address>0x43d4</load_address>
         <readonly>true</readonly>
         <executable>true</executable>
         <run_address>0x43d4</run_address>
         <size>0x458</size>
         <alignment>0x4</alignment>
         <input_file_ref idref="fl-b"/>
      </object_component>
      <object_component id="oc-fc">
         <name>.text.setspeed_pid</name>
         <load_address>0x482c</load_address>
         <readonly>true</readonly>
         <executable>true</executable>
         <run_address>0x482c</run_address>
         <size>0x2d4</size>
         <alignment>0x4</alignment>
         <input_file_ref idref="fl-9"/>
      </object_component>
      <object_component id="oc-124">
         <name>.text.Show_Settings_Menu</name>
         <load_address>0x4b00</load_address>
         <readonly>true</readonly>
         <executable>true</executable>
         <run_address>0x4b00</run_address>
         <size>0x1e0</size>
         <alignment>0x4</alignment>
         <input_file_ref idref="fl-a"/>
      </object_component>
      <object_component id="oc-a5">
         <name>.text.Run_Square_Map</name>
         <load_address>0x4ce0</load_address>
         <readonly>true</readonly>
         <executable>true</executable>
         <run_address>0x4ce0</run_address>
         <size>0x1c4</size>
         <alignment>0x4</alignment>
         <input_file_ref idref="fl-9"/>
      </object_component>
      <object_component id="oc-150">
         <name>.text.DL_Timer_initFourCCPWMMode</name>
         <load_address>0x4ea4</load_address>
         <readonly>true</readonly>
         <executable>true</executable>
         <run_address>0x4ea4</run_address>
         <size>0x104</size>
         <alignment>0x4</alignment>
         <input_file_ref idref="fl-1c"/>
      </object_component>
      <object_component id="oc-163">
         <name>.text.error_get</name>
         <load_address>0x4fa8</load_address>
         <readonly>true</readonly>
         <executable>true</executable>
         <run_address>0x4fa8</run_address>
         <size>0x104</size>
         <alignment>0x4</alignment>
         <input_file_ref idref="fl-9"/>
      </object_component>
      <object_component id="oc-155">
         <name>.text.DL_Timer_initTimerMode</name>
         <load_address>0x50ac</load_address>
         <readonly>true</readonly>
         <executable>true</executable>
         <run_address>0x50ac</run_address>
         <size>0xe8</size>
         <alignment>0x4</alignment>
         <input_file_ref idref="fl-1c"/>
      </object_component>
      <object_component id="oc-125">
         <name>.text</name>
         <load_address>0x5194</load_address>
         <readonly>true</readonly>
         <executable>true</executable>
         <run_address>0x5194</run_address>
         <size>0xd8</size>
         <alignment>0x4</alignment>
         <input_file_ref idref="fl-de"/>
      </object_component>
      <object_component id="oc-75">
         <name>.text.main</name>
         <load_address>0x526c</load_address>
         <readonly>true</readonly>
         <executable>true</executable>
         <run_address>0x526c</run_address>
         <size>0xd4</size>
         <alignment>0x4</alignment>
         <input_file_ref idref="fl-6"/>
      </object_component>
      <object_component id="oc-de">
         <name>.text.SYSCFG_DL_GPIO_init</name>
         <load_address>0x5340</load_address>
         <readonly>true</readonly>
         <executable>true</executable>
         <run_address>0x5340</run_address>
         <size>0xb8</size>
         <alignment>0x4</alignment>
         <input_file_ref idref="fl-7"/>
      </object_component>
      <object_component id="oc-85">
         <name>.text:memcpy</name>
         <load_address>0x53f8</load_address>
         <readonly>true</readonly>
         <executable>true</executable>
         <run_address>0x53f8</run_address>
         <size>0x9a</size>
         <alignment>0x1</alignment>
         <input_file_ref idref="fl-ea"/>
      </object_component>
      <object_component id="oc-33">
         <name>.text.Default_Handler</name>
         <load_address>0x5492</load_address>
         <readonly>true</readonly>
         <executable>true</executable>
         <run_address>0x5492</run_address>
         <size>0x2</size>
         <alignment>0x2</alignment>
         <input_file_ref idref="fl-8"/>
      </object_component>
      <object_component id="oc-ab">
         <name>.text.motor</name>
         <load_address>0x5494</load_address>
         <readonly>true</readonly>
         <executable>true</executable>
         <run_address>0x5494</run_address>
         <size>0x90</size>
         <alignment>0x4</alignment>
         <input_file_ref idref="fl-4"/>
      </object_component>
      <object_component id="oc-e1">
         <name>.text.SYSCFG_DL_PWM_MOTOR_init</name>
         <load_address>0x5524</load_address>
         <readonly>true</readonly>
         <executable>true</executable>
         <run_address>0x5524</run_address>
         <size>0x8c</size>
         <alignment>0x4</alignment>
         <input_file_ref idref="fl-7"/>
      </object_component>
      <object_component id="oc-107">
         <name>.text.__mulsf3</name>
         <load_address>0x55b0</load_address>
         <readonly>true</readonly>
         <executable>true</executable>
         <run_address>0x55b0</run_address>
         <size>0x8c</size>
         <alignment>0x4</alignment>
         <input_file_ref idref="fl-df"/>
      </object_component>
      <object_component id="oc-1c">
         <name>.text:decompress:lzss</name>
         <load_address>0x563c</load_address>
         <readonly>true</readonly>
         <executable>true</executable>
         <run_address>0x563c</run_address>
         <size>0x7c</size>
         <alignment>0x4</alignment>
         <input_file_ref idref="fl-3a"/>
      </object_component>
      <object_component id="oc-ae">
         <name>.text.OLED_ShowString</name>
         <load_address>0x56b8</load_address>
         <readonly>true</readonly>
         <executable>true</executable>
         <run_address>0x56b8</run_address>
         <size>0x7a</size>
         <alignment>0x2</alignment>
         <input_file_ref idref="fl-b"/>
      </object_component>
      <object_component id="oc-8f">
         <name>.text.Delay_Init</name>
         <load_address>0x5732</load_address>
         <readonly>true</readonly>
         <executable>true</executable>
         <run_address>0x5732</run_address>
         <size>0x2</size>
         <alignment>0x2</alignment>
         <input_file_ref idref="fl-1"/>
      </object_component>
      <object_component id="oc-b6">
         <name>.text.PID_Reset</name>
         <load_address>0x5734</load_address>
         <readonly>true</readonly>
         <executable>true</executable>
         <run_address>0x5734</run_address>
         <size>0x6c</size>
         <alignment>0x4</alignment>
         <input_file_ref idref="fl-9"/>
      </object_component>
      <object_component id="oc-39">
         <name>.text.GROUP1_IRQHandler</name>
         <load_address>0x57a0</load_address>
         <readonly>true</readonly>
         <executable>true</executable>
         <run_address>0x57a0</run_address>
         <size>0x60</size>
         <alignment>0x4</alignment>
         <input_file_ref idref="fl-2"/>
      </object_component>
      <object_component id="oc-f3">
         <name>.text.DL_I2C_fillControllerTXFIFO</name>
         <load_address>0x5800</load_address>
         <readonly>true</readonly>
         <executable>true</executable>
         <run_address>0x5800</run_address>
         <size>0x5e</size>
         <alignment>0x2</alignment>
         <input_file_ref idref="fl-1b"/>
      </object_component>
      <object_component id="oc-198">
         <name>.text.__aeabi_idiv0</name>
         <load_address>0x585e</load_address>
         <readonly>true</readonly>
         <executable>true</executable>
         <run_address>0x585e</run_address>
         <size>0x2</size>
         <alignment>0x2</alignment>
         <input_file_ref idref="fl-e9"/>
      </object_component>
      <object_component id="oc-180">
         <name>.text.__aeabi_idivmod</name>
         <load_address>0x5860</load_address>
         <readonly>true</readonly>
         <executable>true</executable>
         <run_address>0x5860</run_address>
         <size>0x56</size>
         <alignment>0x4</alignment>
         <input_file_ref idref="fl-e4"/>
      </object_component>
      <object_component id="oc-99">
         <name>.text.key_init</name>
         <load_address>0x58b6</load_address>
         <readonly>true</readonly>
         <executable>true</executable>
         <run_address>0x58b6</run_address>
         <size>0x2</size>
         <alignment>0x2</alignment>
         <input_file_ref idref="fl-3"/>
      </object_component>
      <object_component id="oc-e3">
         <name>.text.SYSCFG_DL_I2C_OLED_init</name>
         <load_address>0x58b8</load_address>
         <readonly>true</readonly>
         <executable>true</executable>
         <run_address>0x58b8</run_address>
         <size>0x54</size>
         <alignment>0x4</alignment>
         <input_file_ref idref="fl-7"/>
      </object_component>
      <object_component id="oc-fd">
         <name>.text.digtal</name>
         <load_address>0x590c</load_address>
         <readonly>true</readonly>
         <executable>true</executable>
         <run_address>0x590c</run_address>
         <size>0x4c</size>
         <alignment>0x4</alignment>
         <input_file_ref idref="fl-c"/>
      </object_component>
      <object_component id="oc-dd">
         <name>.text.SYSCFG_DL_initPower</name>
         <load_address>0x5958</load_address>
         <readonly>true</readonly>
         <executable>true</executable>
         <run_address>0x5958</run_address>
         <size>0x48</size>
         <alignment>0x4</alignment>
         <input_file_ref idref="fl-7"/>
      </object_component>
      <object_component id="oc-df">
         <name>.text.SYSCFG_DL_SYSCTL_init</name>
         <load_address>0x59a0</load_address>
         <readonly>true</readonly>
         <executable>true</executable>
         <run_address>0x59a0</run_address>
         <size>0x40</size>
         <alignment>0x4</alignment>
         <input_file_ref idref="fl-7"/>
      </object_component>
      <object_component id="oc-15f">
         <name>.text.__aeabi_uidivmod</name>
         <load_address>0x59e0</load_address>
         <readonly>true</readonly>
         <executable>true</executable>
         <run_address>0x59e0</run_address>
         <size>0x40</size>
         <alignment>0x4</alignment>
         <input_file_ref idref="fl-e7"/>
      </object_component>
      <object_component id="oc-164">
         <name>.text.__floatsisf</name>
         <load_address>0x5a20</load_address>
         <readonly>true</readonly>
         <executable>true</executable>
         <run_address>0x5a20</run_address>
         <size>0x3c</size>
         <alignment>0x4</alignment>
         <input_file_ref idref="fl-e2"/>
      </object_component>
      <object_component id="oc-c4">
         <name>.text:__TI_auto_init_nobinit_nopinit</name>
         <load_address>0x5a5c</load_address>
         <readonly>true</readonly>
         <executable>true</executable>
         <run_address>0x5a5c</run_address>
         <size>0x3c</size>
         <alignment>0x4</alignment>
         <input_file_ref idref="fl-35"/>
      </object_component>
      <object_component id="oc-175">
         <name>.text.__muldsi3</name>
         <load_address>0x5a98</load_address>
         <readonly>true</readonly>
         <executable>true</executable>
         <run_address>0x5a98</run_address>
         <size>0x3a</size>
         <alignment>0x4</alignment>
         <input_file_ref idref="fl-e8"/>
      </object_component>
      <object_component id="oc-e2">
         <name>.text.SYSCFG_DL_TIMER_10MS_init</name>
         <load_address>0x5ad4</load_address>
         <readonly>true</readonly>
         <executable>true</executable>
         <run_address>0x5ad4</run_address>
         <size>0x38</size>
         <alignment>0x4</alignment>
         <input_file_ref idref="fl-7"/>
      </object_component>
      <object_component id="oc-168">
         <name>.text.__fixsfsi</name>
         <load_address>0x5b0c</load_address>
         <readonly>true</readonly>
         <executable>true</executable>
         <run_address>0x5b0c</run_address>
         <size>0x38</size>
         <alignment>0x4</alignment>
         <input_file_ref idref="fl-e0"/>
      </object_component>
      <object_component id="oc-8a">
         <name>.text.SYSCFG_DL_init</name>
         <load_address>0x5b44</load_address>
         <readonly>true</readonly>
         <executable>true</executable>
         <run_address>0x5b44</run_address>
         <size>0x34</size>
         <alignment>0x4</alignment>
         <input_file_ref idref="fl-7"/>
      </object_component>
      <object_component id="oc-10b">
         <name>.text.__fixunssfsi</name>
         <load_address>0x5b78</load_address>
         <readonly>true</readonly>
         <executable>true</executable>
         <run_address>0x5b78</run_address>
         <size>0x32</size>
         <alignment>0x4</alignment>
         <input_file_ref idref="fl-e1"/>
      </object_component>
      <object_component id="oc-e4">
         <name>.text.SYSCFG_DL_SYSTICK_init</name>
         <load_address>0x5bac</load_address>
         <readonly>true</readonly>
         <executable>true</executable>
         <run_address>0x5bac</run_address>
         <size>0x30</size>
         <alignment>0x4</alignment>
         <input_file_ref idref="fl-7"/>
      </object_component>
      <object_component id="oc-94">
         <name>.text.Motor_Init</name>
         <load_address>0x5bdc</load_address>
         <readonly>true</readonly>
         <executable>true</executable>
         <run_address>0x5bdc</run_address>
         <size>0x2c</size>
         <alignment>0x4</alignment>
         <input_file_ref idref="fl-4"/>
      </object_component>
      <object_component id="oc-103">
         <name>.text.__floatunsisf</name>
         <load_address>0x5c08</load_address>
         <readonly>true</readonly>
         <executable>true</executable>
         <run_address>0x5c08</run_address>
         <size>0x28</size>
         <alignment>0x4</alignment>
         <input_file_ref idref="fl-e3"/>
      </object_component>
      <object_component id="oc-59">
         <name>.text:_c_int00_noargs</name>
         <load_address>0x5c30</load_address>
         <readonly>true</readonly>
         <executable>true</executable>
         <run_address>0x5c30</run_address>
         <size>0x28</size>
         <alignment>0x4</alignment>
         <input_file_ref idref="fl-33"/>
      </object_component>
      <object_component id="oc-158">
         <name>.text.DL_I2C_setClockConfig</name>
         <load_address>0x5c58</load_address>
         <readonly>true</readonly>
         <executable>true</executable>
         <run_address>0x5c58</run_address>
         <size>0x26</size>
         <alignment>0x2</alignment>
         <input_file_ref idref="fl-1b"/>
      </object_component>
      <object_component id="oc-af">
         <name>.text.Menu_Init</name>
         <load_address>0x5c80</load_address>
         <readonly>true</readonly>
         <executable>true</executable>
         <run_address>0x5c80</run_address>
         <size>0x24</size>
         <alignment>0x4</alignment>
         <input_file_ref idref="fl-a"/>
      </object_component>
      <object_component id="oc-135">
         <name>.text.Read_Encoder</name>
         <load_address>0x5ca4</load_address>
         <readonly>true</readonly>
         <executable>true</executable>
         <run_address>0x5ca4</run_address>
         <size>0x24</size>
         <alignment>0x4</alignment>
         <input_file_ref idref="fl-2"/>
      </object_component>
      <object_component id="oc-152">
         <name>.text.DL_Timer_setCaptCompUpdateMethod</name>
         <load_address>0x5cc8</load_address>
         <readonly>true</readonly>
         <executable>true</executable>
         <run_address>0x5cc8</run_address>
         <size>0x1c</size>
         <alignment>0x4</alignment>
         <input_file_ref idref="fl-1c"/>
      </object_component>
      <object_component id="oc-14f">
         <name>.text.DL_Timer_setClockConfig</name>
         <load_address>0x5ce4</load_address>
         <readonly>true</readonly>
         <executable>true</executable>
         <run_address>0x5ce4</run_address>
         <size>0x1c</size>
         <alignment>0x4</alignment>
         <input_file_ref idref="fl-1c"/>
      </object_component>
      <object_component id="oc-151">
         <name>.text.DL_Timer_setCaptureCompareOutCtl</name>
         <load_address>0x5d00</load_address>
         <readonly>true</readonly>
         <executable>true</executable>
         <run_address>0x5d00</run_address>
         <size>0x18</size>
         <alignment>0x4</alignment>
         <input_file_ref idref="fl-1c"/>
      </object_component>
      <object_component id="oc-50">
         <name>.text:decompress:ZI:__TI_zero_init_nomemset</name>
         <load_address>0x5d18</load_address>
         <readonly>true</readonly>
         <executable>true</executable>
         <run_address>0x5d18</run_address>
         <size>0x16</size>
         <alignment>0x2</alignment>
         <input_file_ref idref="fl-38"/>
      </object_component>
      <object_component id="oc-20">
         <name>.text:decompress:none</name>
         <load_address>0x5d2e</load_address>
         <readonly>true</readonly>
         <executable>true</executable>
         <run_address>0x5d2e</run_address>
         <size>0x12</size>
         <alignment>0x2</alignment>
         <input_file_ref idref="fl-39"/>
      </object_component>
      <object_component id="oc-115">
         <name>.text.DL_Timer_setCaptureCompareValue</name>
         <load_address>0x5d40</load_address>
         <readonly>true</readonly>
         <executable>true</executable>
         <run_address>0x5d40</run_address>
         <size>0x10</size>
         <alignment>0x4</alignment>
         <input_file_ref idref="fl-1c"/>
      </object_component>
      <object_component id="oc-34">
         <name>.text.SysTick_Handler</name>
         <load_address>0x5d50</load_address>
         <readonly>true</readonly>
         <executable>true</executable>
         <run_address>0x5d50</run_address>
         <size>0x10</size>
         <alignment>0x4</alignment>
         <input_file_ref idref="fl-6"/>
      </object_component>
      <object_component id="oc-9d">
         <name>.text.Delay_ms</name>
         <load_address>0x5d60</load_address>
         <readonly>true</readonly>
         <executable>true</executable>
         <run_address>0x5d60</run_address>
         <size>0xe</size>
         <alignment>0x2</alignment>
         <input_file_ref idref="fl-1"/>
      </object_component>
      <object_component id="oc-ef">
         <name>.text.DL_Common_delayCycles</name>
         <load_address>0x5d6e</load_address>
         <readonly>true</readonly>
         <executable>true</executable>
         <run_address>0x5d6e</run_address>
         <size>0xa</size>
         <alignment>0x2</alignment>
         <input_file_ref idref="fl-1a"/>
      </object_component>
      <object_component id="oc-b7">
         <name>.text.Run_Normal_Map</name>
         <load_address>0x5d78</load_address>
         <readonly>true</readonly>
         <executable>true</executable>
         <run_address>0x5d78</run_address>
         <size>0x8</size>
         <alignment>0x2</alignment>
         <input_file_ref idref="fl-9"/>
      </object_component>
      <object_component id="oc-49">
         <name>.text.__aeabi_memcpy</name>
         <load_address>0x5d80</load_address>
         <readonly>true</readonly>
         <executable>true</executable>
         <run_address>0x5d80</run_address>
         <size>0x8</size>
         <alignment>0x4</alignment>
         <input_file_ref idref="fl-e5"/>
      </object_component>
      <object_component id="oc-bd">
         <name>.text:abort</name>
         <load_address>0x5d88</load_address>
         <readonly>true</readonly>
         <executable>true</executable>
         <run_address>0x5d88</run_address>
         <size>0x6</size>
         <alignment>0x2</alignment>
         <input_file_ref idref="fl-3b"/>
      </object_component>
      <object_component id="oc-13e">
         <name>.text.HOSTexit</name>
         <load_address>0x5d8e</load_address>
         <readonly>true</readonly>
         <executable>true</executable>
         <run_address>0x5d8e</run_address>
         <size>0x4</size>
         <alignment>0x2</alignment>
         <input_file_ref idref="fl-dd"/>
      </object_component>
      <object_component id="oc-2f">
         <name>.text.Reset_Handler</name>
         <load_address>0x5d92</load_address>
         <readonly>true</readonly>
         <executable>true</executable>
         <run_address>0x5d92</run_address>
         <size>0x4</size>
         <alignment>0x2</alignment>
         <input_file_ref idref="fl-8"/>
      </object_component>
      <object_component id="oc-71">
         <name>.text._system_pre_init</name>
         <load_address>0x5d96</load_address>
         <readonly>true</readonly>
         <executable>true</executable>
         <run_address>0x5d96</run_address>
         <size>0x4</size>
         <alignment>0x2</alignment>
         <input_file_ref idref="fl-36"/>
      </object_component>
      <object_component id="oc-1e6">
         <name>.cinit..data.load</name>
         <load_address>0x66a0</load_address>
         <readonly>true</readonly>
         <run_address>0x66a0</run_address>
         <size>0x31</size>
         <alignment>0x1</alignment>
      </object_component>
      <object_component id="oc-1e4">
         <name>__TI_handler_table</name>
         <load_address>0x66d4</load_address>
         <readonly>true</readonly>
         <run_address>0x66d4</run_address>
         <size>0xc</size>
         <alignment>0x4</alignment>
      </object_component>
      <object_component id="oc-1e7">
         <name>.cinit..bss.load</name>
         <load_address>0x66e0</load_address>
         <readonly>true</readonly>
         <run_address>0x66e0</run_address>
         <size>0x8</size>
         <alignment>0x4</alignment>
      </object_component>
      <object_component id="oc-1e5">
         <name>__TI_cinit_table</name>
         <load_address>0x66e8</load_address>
         <readonly>true</readonly>
         <run_address>0x66e8</run_address>
         <size>0x10</size>
         <alignment>0x4</alignment>
      </object_component>
      <object_component id="oc-17f">
         <name>.rodata.asc2_1608</name>
         <load_address>0x5da0</load_address>
         <readonly>true</readonly>
         <run_address>0x5da0</run_address>
         <size>0x5f0</size>
         <alignment>0x1</alignment>
         <input_file_ref idref="fl-b"/>
      </object_component>
      <object_component id="oc-17e">
         <name>.rodata.asc2_0806</name>
         <load_address>0x6390</load_address>
         <readonly>true</readonly>
         <run_address>0x6390</run_address>
         <size>0x228</size>
         <alignment>0x1</alignment>
         <input_file_ref idref="fl-b"/>
      </object_component>
      <object_component id="oc-157">
         <name>.rodata.gTIMER_10MSTimerConfig</name>
         <load_address>0x65b8</load_address>
         <readonly>true</readonly>
         <run_address>0x65b8</run_address>
         <size>0x14</size>
         <alignment>0x4</alignment>
         <input_file_ref idref="fl-7"/>
      </object_component>
      <object_component id="oc-12c">
         <name>.rodata.str1.13124720451672825294.1</name>
         <load_address>0x65cc</load_address>
         <readonly>true</readonly>
         <run_address>0x65cc</run_address>
         <size>0x11</size>
         <alignment>0x1</alignment>
         <input_file_ref idref="fl-a"/>
      </object_component>
      <object_component id="oc-129">
         <name>.rodata.str1.4862307748908978627.1</name>
         <load_address>0x65dd</load_address>
         <readonly>true</readonly>
         <run_address>0x65dd</run_address>
         <size>0x10</size>
         <alignment>0x1</alignment>
         <input_file_ref idref="fl-a"/>
      </object_component>
      <object_component id="oc-184">
         <name>.rodata.str1.12110183915172842339.1</name>
         <load_address>0x65ed</load_address>
         <readonly>true</readonly>
         <run_address>0x65ed</run_address>
         <size>0xf</size>
         <alignment>0x1</alignment>
         <input_file_ref idref="fl-a"/>
      </object_component>
      <object_component id="oc-112">
         <name>.rodata.str1.12828571748760750736.1</name>
         <load_address>0x65fc</load_address>
         <readonly>true</readonly>
         <run_address>0x65fc</run_address>
         <size>0xf</size>
         <alignment>0x1</alignment>
         <input_file_ref idref="fl-9"/>
      </object_component>
      <object_component id="oc-bc">
         <name>.rodata.str1.14685083708502177989.1</name>
         <load_address>0x660b</load_address>
         <readonly>true</readonly>
         <run_address>0x660b</run_address>
         <size>0xd</size>
         <alignment>0x1</alignment>
         <input_file_ref idref="fl-6"/>
      </object_component>
      <object_component id="oc-b9">
         <name>.rodata.str1.254342170260855183.1</name>
         <load_address>0x6618</load_address>
         <readonly>true</readonly>
         <run_address>0x6618</run_address>
         <size>0xd</size>
         <alignment>0x1</alignment>
         <input_file_ref idref="fl-6"/>
      </object_component>
      <object_component id="oc-b8">
         <name>.rodata.str1.9517790425240694019.1</name>
         <load_address>0x6625</load_address>
         <readonly>true</readonly>
         <run_address>0x6625</run_address>
         <size>0xd</size>
         <alignment>0x1</alignment>
         <input_file_ref idref="fl-6"/>
      </object_component>
      <object_component id="oc-10f">
         <name>.rodata.str1.1682463964360324069.1</name>
         <load_address>0x6632</load_address>
         <readonly>true</readonly>
         <run_address>0x6632</run_address>
         <size>0xc</size>
         <alignment>0x1</alignment>
         <input_file_ref idref="fl-9"/>
      </object_component>
      <object_component id="oc-110">
         <name>.rodata.str1.14519048065814896320.1</name>
         <load_address>0x663e</load_address>
         <readonly>true</readonly>
         <run_address>0x663e</run_address>
         <size>0xb</size>
         <alignment>0x1</alignment>
         <input_file_ref idref="fl-9"/>
      </object_component>
      <object_component id="oc-111">
         <name>.rodata.str1.4256957103544451686.1</name>
         <load_address>0x6649</load_address>
         <readonly>true</readonly>
         <run_address>0x6649</run_address>
         <size>0xa</size>
         <alignment>0x1</alignment>
         <input_file_ref idref="fl-9"/>
      </object_component>
      <object_component id="oc-12b">
         <name>.rodata.str1.14098755746347272832.1</name>
         <load_address>0x6653</load_address>
         <readonly>true</readonly>
         <run_address>0x6653</run_address>
         <size>0x9</size>
         <alignment>0x1</alignment>
         <input_file_ref idref="fl-a"/>
      </object_component>
      <object_component id="oc-12a">
         <name>.rodata.str1.17041139162815566052.1</name>
         <load_address>0x665c</load_address>
         <readonly>true</readonly>
         <run_address>0x665c</run_address>
         <size>0x9</size>
         <alignment>0x1</alignment>
         <input_file_ref idref="fl-a"/>
      </object_component>
      <object_component id="oc-153">
         <name>.rodata.gPWM_MOTORClockConfig</name>
         <load_address>0x6665</load_address>
         <readonly>true</readonly>
         <run_address>0x6665</run_address>
         <size>0x3</size>
         <alignment>0x1</alignment>
         <input_file_ref idref="fl-7"/>
      </object_component>
      <object_component id="oc-154">
         <name>.rodata.gPWM_MOTORConfig</name>
         <load_address>0x6668</load_address>
         <readonly>true</readonly>
         <run_address>0x6668</run_address>
         <size>0x8</size>
         <alignment>0x4</alignment>
         <input_file_ref idref="fl-7"/>
      </object_component>
      <object_component id="oc-18a">
         <name>.rodata.str1.16312125044762562515.1</name>
         <load_address>0x6670</load_address>
         <readonly>true</readonly>
         <run_address>0x6670</run_address>
         <size>0x7</size>
         <alignment>0x1</alignment>
         <input_file_ref idref="fl-a"/>
      </object_component>
      <object_component id="oc-185">
         <name>.rodata.str1.1955320522770775823.1</name>
         <load_address>0x6677</load_address>
         <readonly>true</readonly>
         <run_address>0x6677</run_address>
         <size>0x7</size>
         <alignment>0x1</alignment>
         <input_file_ref idref="fl-a"/>
      </object_component>
      <object_component id="oc-188">
         <name>.rodata.str1.5155000645726596423.1</name>
         <load_address>0x667e</load_address>
         <readonly>true</readonly>
         <run_address>0x667e</run_address>
         <size>0x7</size>
         <alignment>0x1</alignment>
         <input_file_ref idref="fl-a"/>
      </object_component>
      <object_component id="oc-187">
         <name>.rodata.str1.8935930992971773687.1</name>
         <load_address>0x6685</load_address>
         <readonly>true</readonly>
         <run_address>0x6685</run_address>
         <size>0x7</size>
         <alignment>0x1</alignment>
         <input_file_ref idref="fl-a"/>
      </object_component>
      <object_component id="oc-189">
         <name>.rodata.str1.9546740394641817443.1</name>
         <load_address>0x668c</load_address>
         <readonly>true</readonly>
         <run_address>0x668c</run_address>
         <size>0x7</size>
         <alignment>0x1</alignment>
         <input_file_ref idref="fl-a"/>
      </object_component>
      <object_component id="oc-156">
         <name>.rodata.gTIMER_10MSClockConfig</name>
         <load_address>0x6693</load_address>
         <readonly>true</readonly>
         <run_address>0x6693</run_address>
         <size>0x3</size>
         <alignment>0x1</alignment>
         <input_file_ref idref="fl-7"/>
      </object_component>
      <object_component id="oc-159">
         <name>.rodata.gI2C_OLEDClockConfig</name>
         <load_address>0x6696</load_address>
         <readonly>true</readonly>
         <run_address>0x6696</run_address>
         <size>0x2</size>
         <alignment>0x1</alignment>
         <input_file_ref idref="fl-7"/>
      </object_component>
      <object_component id="oc-12d">
         <name>.rodata.str1.4646809750356241979.1</name>
         <load_address>0x6698</load_address>
         <readonly>true</readonly>
         <run_address>0x6698</run_address>
         <size>0x2</size>
         <alignment>0x1</alignment>
         <input_file_ref idref="fl-a"/>
      </object_component>
      <object_component id="oc-186">
         <name>.rodata.str1.5102509094067202407.1</name>
         <load_address>0x669a</load_address>
         <readonly>true</readonly>
         <run_address>0x669a</run_address>
         <size>0x2</size>
         <alignment>0x1</alignment>
         <input_file_ref idref="fl-a"/>
      </object_component>
      <object_component id="oc-18b">
         <name>.rodata.str1.6617442809723977961.1</name>
         <load_address>0x669c</load_address>
         <readonly>true</readonly>
         <run_address>0x669c</run_address>
         <size>0x2</size>
         <alignment>0x1</alignment>
         <input_file_ref idref="fl-a"/>
      </object_component>
      <object_component id="oc-12e">
         <name>.rodata.str1.6857549598058878762.1</name>
         <load_address>0x669e</load_address>
         <readonly>true</readonly>
         <run_address>0x669e</run_address>
         <size>0x2</size>
         <alignment>0x1</alignment>
         <input_file_ref idref="fl-a"/>
      </object_component>
      <object_component id="oc-1ae">
         <name>.binit</name>
         <load_address>0x0</load_address>
         <readonly>true</readonly>
         <run_address>0x0</run_address>
         <size>0x0</size>
         <alignment>0x4</alignment>
      </object_component>
      <object_component id="oc-63">
         <name>.data.encoder_l_count</name>
         <load_address>0x202001e4</load_address>
         <readwrite>true</readwrite>
         <run_address>0x202001e4</run_address>
         <size>0x2</size>
         <alignment>0x2</alignment>
         <input_file_ref idref="fl-2"/>
      </object_component>
      <object_component id="oc-64">
         <name>.data.encoder_r_count</name>
         <load_address>0x202001e6</load_address>
         <readwrite>true</readwrite>
         <run_address>0x202001e6</run_address>
         <size>0x2</size>
         <alignment>0x2</alignment>
         <input_file_ref idref="fl-2"/>
      </object_component>
      <object_component id="oc-11b">
         <name>.data.motor.current_left_pwm</name>
         <load_address>0x202001d0</load_address>
         <readwrite>true</readwrite>
         <run_address>0x202001d0</run_address>
         <size>0x4</size>
         <alignment>0x4</alignment>
         <input_file_ref idref="fl-4"/>
      </object_component>
      <object_component id="oc-11c">
         <name>.data.motor.current_right_pwm</name>
         <load_address>0x202001d4</load_address>
         <readwrite>true</readwrite>
         <run_address>0x202001d4</run_address>
         <size>0x4</size>
         <alignment>0x4</alignment>
         <input_file_ref idref="fl-4"/>
      </object_component>
      <object_component id="oc-60">
         <name>.data.time</name>
         <load_address>0x202001e0</load_address>
         <readwrite>true</readwrite>
         <run_address>0x202001e0</run_address>
         <size>0x4</size>
         <alignment>0x4</alignment>
         <input_file_ref idref="fl-6"/>
      </object_component>
      <object_component id="oc-13d">
         <name>.data.Turn_Lock_State</name>
         <load_address>0x202001a4</load_address>
         <readwrite>true</readwrite>
         <run_address>0x202001a4</run_address>
         <size>0x4</size>
         <alignment>0x4</alignment>
         <input_file_ref idref="fl-9"/>
      </object_component>
      <object_component id="oc-134">
         <name>.data.Velcity_Kp1</name>
         <load_address>0x202001c8</load_address>
         <readwrite>true</readwrite>
         <run_address>0x202001c8</run_address>
         <size>0x4</size>
         <alignment>0x4</alignment>
         <input_file_ref idref="fl-9"/>
      </object_component>
      <object_component id="oc-16e">
         <name>.data.Velcity_Ki1</name>
         <load_address>0x202001c0</load_address>
         <readwrite>true</readwrite>
         <run_address>0x202001c0</run_address>
         <size>0x4</size>
         <alignment>0x4</alignment>
         <input_file_ref idref="fl-9"/>
      </object_component>
      <object_component id="oc-133">
         <name>.data.Velcity_Kd1</name>
         <load_address>0x202001b8</load_address>
         <readwrite>true</readwrite>
         <run_address>0x202001b8</run_address>
         <size>0x4</size>
         <alignment>0x4</alignment>
         <input_file_ref idref="fl-9"/>
      </object_component>
      <object_component id="oc-171">
         <name>.data.Velcity_Kp2</name>
         <load_address>0x202001cc</load_address>
         <readwrite>true</readwrite>
         <run_address>0x202001cc</run_address>
         <size>0x4</size>
         <alignment>0x4</alignment>
         <input_file_ref idref="fl-9"/>
      </object_component>
      <object_component id="oc-170">
         <name>.data.Velcity_Ki2</name>
         <load_address>0x202001c4</load_address>
         <readwrite>true</readwrite>
         <run_address>0x202001c4</run_address>
         <size>0x4</size>
         <alignment>0x4</alignment>
         <input_file_ref idref="fl-9"/>
      </object_component>
      <object_component id="oc-16f">
         <name>.data.Velcity_Kd2</name>
         <load_address>0x202001bc</load_address>
         <readwrite>true</readwrite>
         <run_address>0x202001bc</run_address>
         <size>0x4</size>
         <alignment>0x4</alignment>
         <input_file_ref idref="fl-9"/>
      </object_component>
      <object_component id="oc-132">
         <name>.data.PWM_BASIC</name>
         <load_address>0x202001a0</load_address>
         <readwrite>true</readwrite>
         <run_address>0x202001a0</run_address>
         <size>0x4</size>
         <alignment>0x4</alignment>
         <input_file_ref idref="fl-9"/>
      </object_component>
      <object_component id="oc-16c">
         <name>.data.OFFSET_RIGHT</name>
         <load_address>0x2020019c</load_address>
         <readwrite>true</readwrite>
         <run_address>0x2020019c</run_address>
         <size>0x4</size>
         <alignment>0x4</alignment>
         <input_file_ref idref="fl-9"/>
      </object_component>
      <object_component id="oc-16d">
         <name>.data.OFFSET_LEFT</name>
         <load_address>0x20200198</load_address>
         <readwrite>true</readwrite>
         <run_address>0x20200198</run_address>
         <size>0x4</size>
         <alignment>0x4</alignment>
         <input_file_ref idref="fl-9"/>
      </object_component>
      <object_component id="oc-137">
         <name>.data.right</name>
         <load_address>0x20200184</load_address>
         <readwrite>true</readwrite>
         <run_address>0x20200184</run_address>
         <size>0xc</size>
         <alignment>0x4</alignment>
         <input_file_ref idref="fl-9"/>
      </object_component>
      <object_component id="oc-136">
         <name>.data.left</name>
         <load_address>0x20200178</load_address>
         <readwrite>true</readwrite>
         <run_address>0x20200178</run_address>
         <size>0xc</size>
         <alignment>0x4</alignment>
         <input_file_ref idref="fl-9"/>
      </object_component>
      <object_component id="oc-13c">
         <name>.data.RorL</name>
         <load_address>0x202001e9</load_address>
         <readwrite>true</readwrite>
         <run_address>0x202001e9</run_address>
         <size>0x1</size>
         <alignment>0x1</alignment>
         <input_file_ref idref="fl-9"/>
      </object_component>
      <object_component id="oc-138">
         <name>.data.Vel_A_ControlVelocity</name>
         <load_address>0x202001a8</load_address>
         <readwrite>true</readwrite>
         <run_address>0x202001a8</run_address>
         <size>0x4</size>
         <alignment>0x4</alignment>
         <input_file_ref idref="fl-9"/>
      </object_component>
      <object_component id="oc-139">
         <name>.data.Vel_A_Last_bias</name>
         <load_address>0x202001ac</load_address>
         <readwrite>true</readwrite>
         <run_address>0x202001ac</run_address>
         <size>0x4</size>
         <alignment>0x4</alignment>
         <input_file_ref idref="fl-9"/>
      </object_component>
      <object_component id="oc-13a">
         <name>.data.Vel_B_ControlVelocity</name>
         <load_address>0x202001b0</load_address>
         <readwrite>true</readwrite>
         <run_address>0x202001b0</run_address>
         <size>0x4</size>
         <alignment>0x4</alignment>
         <input_file_ref idref="fl-9"/>
      </object_component>
      <object_component id="oc-13b">
         <name>.data.Vel_B_Last_bias</name>
         <load_address>0x202001b4</load_address>
         <readwrite>true</readwrite>
         <run_address>0x202001b4</run_address>
         <size>0x4</size>
         <alignment>0x4</alignment>
         <input_file_ref idref="fl-9"/>
      </object_component>
      <object_component id="oc-bb">
         <name>.data.Loop_Target</name>
         <load_address>0x20200190</load_address>
         <readwrite>true</readwrite>
         <run_address>0x20200190</run_address>
         <size>0x4</size>
         <alignment>0x4</alignment>
         <input_file_ref idref="fl-a"/>
      </object_component>
      <object_component id="oc-ba">
         <name>.data.Map_Selection</name>
         <load_address>0x20200194</load_address>
         <readwrite>true</readwrite>
         <run_address>0x20200194</run_address>
         <size>0x4</size>
         <alignment>0x4</alignment>
         <input_file_ref idref="fl-a"/>
      </object_component>
      <object_component id="oc-12f">
         <name>.data.Menu_GetKey.key_state</name>
         <load_address>0x202001e8</load_address>
         <readwrite>true</readwrite>
         <run_address>0x202001e8</run_address>
         <size>0x1</size>
         <alignment>0x1</alignment>
         <input_file_ref idref="fl-a"/>
      </object_component>
      <object_component id="oc-11e">
         <name>.data.cursor_main</name>
         <load_address>0x202001eb</load_address>
         <readwrite>true</readwrite>
         <run_address>0x202001eb</run_address>
         <size>0x1</size>
         <alignment>0x1</alignment>
         <input_file_ref idref="fl-a"/>
      </object_component>
      <object_component id="oc-11f">
         <name>.data.cursor_settings</name>
         <load_address>0x202001ec</load_address>
         <readwrite>true</readwrite>
         <run_address>0x202001ec</run_address>
         <size>0x1</size>
         <alignment>0x1</alignment>
         <input_file_ref idref="fl-a"/>
      </object_component>
      <object_component id="oc-120">
         <name>.data.scroll_offset</name>
         <load_address>0x202001ed</load_address>
         <readwrite>true</readwrite>
         <run_address>0x202001ed</run_address>
         <size>0x1</size>
         <alignment>0x1</alignment>
         <input_file_ref idref="fl-a"/>
      </object_component>
      <object_component id="oc-121">
         <name>.data.current_state</name>
         <load_address>0x202001ea</load_address>
         <readwrite>true</readwrite>
         <run_address>0x202001ea</run_address>
         <size>0x1</size>
         <alignment>0x1</alignment>
         <input_file_ref idref="fl-a"/>
      </object_component>
      <object_component id="oc-131">
         <name>.data.pIntVal</name>
         <load_address>0x202001dc</load_address>
         <readwrite>true</readwrite>
         <run_address>0x202001dc</run_address>
         <size>0x4</size>
         <alignment>0x4</alignment>
         <input_file_ref idref="fl-a"/>
      </object_component>
      <object_component id="oc-130">
         <name>.data.pFloatVal</name>
         <load_address>0x202001d8</load_address>
         <readwrite>true</readwrite>
         <run_address>0x202001d8</run_address>
         <size>0x4</size>
         <alignment>0x4</alignment>
         <input_file_ref idref="fl-a"/>
      </object_component>
      <object_component id="oc-e5">
         <name>.common:gPWM_MOTORBackup</name>
         <uninitialized>true</uninitialized>
         <readwrite>true</readwrite>
         <run_address>0x20200000</run_address>
         <size>0xbc</size>
         <alignment>0x4</alignment>
      </object_component>
      <object_component id="oc-e6">
         <name>.common:gTIMER_10MSBackup</name>
         <uninitialized>true</uninitialized>
         <readwrite>true</readwrite>
         <run_address>0x202000bc</run_address>
         <size>0xbc</size>
         <alignment>0x4</alignment>
      </object_component>
      <object_component id="oc-1a">
         <name>.stack</name>
         <uninitialized>true</uninitialized>
         <readwrite>true</readwrite>
         <run_address>0x20207e00</run_address>
         <size>0x4</size>
         <alignment>0x4</alignment>
         <input_file_ref idref="fl-33"/>
      </object_component>
      <object_component id="oc-1e9">
         <name>.stack</name>
         <uninitialized>true</uninitialized>
         <readwrite>true</readwrite>
         <run_address>0x20207e00</run_address>
         <size>0x0</size>
         <alignment>0x8</alignment>
      </object_component>
      <object_component id="oc-9e">
         <name>.debug_loc</name>
         <load_address>0x0</load_address>
         <run_address>0x0</run_address>
         <size>0x50</size>
         <alignment>0x1</alignment>
         <input_file_ref idref="fl-1"/>
      </object_component>
      <object_component id="oc-67">
         <name>.debug_loc</name>
         <load_address>0x50</load_address>
         <run_address>0x50</run_address>
         <size>0x66</size>
         <alignment>0x1</alignment>
         <input_file_ref idref="fl-2"/>
      </object_component>
      <object_component id="oc-ac">
         <name>.debug_loc</name>
         <load_address>0xb6</load_address>
         <run_address>0xb6</run_address>
         <size>0x66</size>
         <alignment>0x1</alignment>
         <input_file_ref idref="fl-4"/>
      </object_component>
      <object_component id="oc-e0">
         <name>.debug_loc</name>
         <load_address>0x11c</load_address>
         <run_address>0x11c</run_address>
         <size>0xee</size>
         <alignment>0x1</alignment>
         <input_file_ref idref="fl-7"/>
      </object_component>
      <object_component id="oc-aa">
         <name>.debug_loc</name>
         <load_address>0x20a</load_address>
         <run_address>0x20a</run_address>
         <size>0x5d9</size>
         <alignment>0x1</alignment>
         <input_file_ref idref="fl-9"/>
      </object_component>
      <object_component id="oc-b5">
         <name>.debug_loc</name>
         <load_address>0x7e3</load_address>
         <run_address>0x7e3</run_address>
         <size>0x142</size>
         <alignment>0x1</alignment>
         <input_file_ref idref="fl-a"/>
      </object_component>
      <object_component id="oc-a3">
         <name>.debug_loc</name>
         <load_address>0x925</load_address>
         <run_address>0x925</run_address>
         <size>0x48ea</size>
         <alignment>0x1</alignment>
         <input_file_ref idref="fl-b"/>
      </object_component>
      <object_component id="oc-101">
         <name>.debug_loc</name>
         <load_address>0x520f</load_address>
         <run_address>0x520f</run_address>
         <size>0x4d</size>
         <alignment>0x1</alignment>
         <input_file_ref idref="fl-c"/>
      </object_component>
      <object_component id="oc-15c">
         <name>.debug_loc</name>
         <load_address>0x525c</load_address>
         <run_address>0x525c</run_address>
         <size>0x13</size>
         <alignment>0x1</alignment>
         <input_file_ref idref="fl-1a"/>
      </object_component>
      <object_component id="oc-f4">
         <name>.debug_loc</name>
         <load_address>0x526f</load_address>
         <run_address>0x526f</run_address>
         <size>0x352</size>
         <alignment>0x1</alignment>
         <input_file_ref idref="fl-1b"/>
      </object_component>
      <object_component id="oc-116">
         <name>.debug_loc</name>
         <load_address>0x55c1</load_address>
         <run_address>0x55c1</run_address>
         <size>0x1a27</size>
         <alignment>0x1</alignment>
         <input_file_ref idref="fl-1c"/>
      </object_component>
      <object_component id="oc-44">
         <name>.debug_loc</name>
         <load_address>0x6fe8</load_address>
         <run_address>0x6fe8</run_address>
         <size>0xd8</size>
         <alignment>0x1</alignment>
         <input_file_ref idref="fl-33"/>
      </object_component>
      <object_component id="oc-c9">
         <name>.debug_loc</name>
         <load_address>0x70c0</load_address>
         <run_address>0x70c0</run_address>
         <size>0x424</size>
         <alignment>0x1</alignment>
         <input_file_ref idref="fl-35"/>
      </object_component>
      <object_component id="oc-51">
         <name>.debug_loc</name>
         <load_address>0x74e4</load_address>
         <run_address>0x74e4</run_address>
         <size>0x16c</size>
         <alignment>0x1</alignment>
         <input_file_ref idref="fl-38"/>
      </object_component>
      <object_component id="oc-4f">
         <name>.debug_loc</name>
         <load_address>0x7650</load_address>
         <run_address>0x7650</run_address>
         <size>0x6f</size>
         <alignment>0x1</alignment>
         <input_file_ref idref="fl-39"/>
      </object_component>
      <object_component id="oc-47">
         <name>.debug_loc</name>
         <load_address>0x76bf</load_address>
         <run_address>0x76bf</run_address>
         <size>0x167</size>
         <alignment>0x1</alignment>
         <input_file_ref idref="fl-3a"/>
      </object_component>
      <object_component id="oc-c3">
         <name>.debug_loc</name>
         <load_address>0x7826</load_address>
         <run_address>0x7826</run_address>
         <size>0x26</size>
         <alignment>0x1</alignment>
         <input_file_ref idref="fl-3b"/>
      </object_component>
      <object_component id="oc-1a4">
         <name>.debug_loc</name>
         <load_address>0x784c</load_address>
         <run_address>0x784c</run_address>
         <size>0x20</size>
         <alignment>0x1</alignment>
         <input_file_ref idref="fl-e9"/>
      </object_component>
      <object_component id="oc-e9">
         <name>.debug_abbrev</name>
         <load_address>0x0</load_address>
         <run_address>0x0</run_address>
         <size>0x79</size>
         <alignment>0x1</alignment>
         <input_file_ref idref="fl-1"/>
      </object_component>
      <object_component id="oc-65">
         <name>.debug_abbrev</name>
         <load_address>0x79</load_address>
         <run_address>0x79</run_address>
         <size>0x164</size>
         <alignment>0x1</alignment>
         <input_file_ref idref="fl-2"/>
      </object_component>
      <object_component id="oc-ed">
         <name>.debug_abbrev</name>
         <load_address>0x1dd</load_address>
         <run_address>0x1dd</run_address>
         <size>0x2c</size>
         <alignment>0x1</alignment>
         <input_file_ref idref="fl-3"/>
      </object_component>
      <object_component id="oc-eb">
         <name>.debug_abbrev</name>
         <load_address>0x209</load_address>
         <run_address>0x209</run_address>
         <size>0x127</size>
         <alignment>0x1</alignment>
         <input_file_ref idref="fl-4"/>
      </object_component>
      <object_component id="oc-61">
         <name>.debug_abbrev</name>
         <load_address>0x330</load_address>
         <run_address>0x330</run_address>
         <size>0x15a</size>
         <alignment>0x1</alignment>
         <input_file_ref idref="fl-6"/>
      </object_component>
      <object_component id="oc-e7">
         <name>.debug_abbrev</name>
         <load_address>0x48a</load_address>
         <run_address>0x48a</run_address>
         <size>0x256</size>
         <alignment>0x1</alignment>
         <input_file_ref idref="fl-7"/>
      </object_component>
      <object_component id="oc-3e">
         <name>.debug_abbrev</name>
         <load_address>0x6e0</load_address>
         <run_address>0x6e0</run_address>
         <size>0x6d</size>
         <alignment>0x1</alignment>
         <input_file_ref idref="fl-8"/>
      </object_component>
      <object_component id="oc-113">
         <name>.debug_abbrev</name>
         <load_address>0x74d</load_address>
         <run_address>0x74d</run_address>
         <size>0x18f</size>
         <alignment>0x1</alignment>
         <input_file_ref idref="fl-9"/>
      </object_component>
      <object_component id="oc-122">
         <name>.debug_abbrev</name>
         <load_address>0x8dc</load_address>
         <run_address>0x8dc</run_address>
         <size>0x1d9</size>
         <alignment>0x1</alignment>
         <input_file_ref idref="fl-a"/>
      </object_component>
      <object_component id="oc-f9">
         <name>.debug_abbrev</name>
         <load_address>0xab5</load_address>
         <run_address>0xab5</run_address>
         <size>0x239</size>
         <alignment>0x1</alignment>
         <input_file_ref idref="fl-b"/>
      </object_component>
      <object_component id="oc-172">
         <name>.debug_abbrev</name>
         <load_address>0xcee</load_address>
         <run_address>0xcee</run_address>
         <size>0x105</size>
         <alignment>0x1</alignment>
         <input_file_ref idref="fl-c"/>
      </object_component>
      <object_component id="oc-15a">
         <name>.debug_abbrev</name>
         <load_address>0xdf3</load_address>
         <run_address>0xdf3</run_address>
         <size>0x62</size>
         <alignment>0x1</alignment>
         <input_file_ref idref="fl-1a"/>
      </object_component>
      <object_component id="oc-15d">
         <name>.debug_abbrev</name>
         <load_address>0xe55</load_address>
         <run_address>0xe55</run_address>
         <size>0x1e7</size>
         <alignment>0x1</alignment>
         <input_file_ref idref="fl-1b"/>
      </object_component>
      <object_component id="oc-17b">
         <name>.debug_abbrev</name>
         <load_address>0x103c</load_address>
         <run_address>0x103c</run_address>
         <size>0x286</size>
         <alignment>0x1</alignment>
         <input_file_ref idref="fl-1c"/>
      </object_component>
      <object_component id="oc-40">
         <name>.debug_abbrev</name>
         <load_address>0x12c2</load_address>
         <run_address>0x12c2</run_address>
         <size>0xaf</size>
         <alignment>0x1</alignment>
         <input_file_ref idref="fl-33"/>
      </object_component>
      <object_component id="oc-148">
         <name>.debug_abbrev</name>
         <load_address>0x1371</load_address>
         <run_address>0x1371</run_address>
         <size>0x170</size>
         <alignment>0x1</alignment>
         <input_file_ref idref="fl-35"/>
      </object_component>
      <object_component id="oc-88">
         <name>.debug_abbrev</name>
         <load_address>0x14e1</load_address>
         <run_address>0x14e1</run_address>
         <size>0x39</size>
         <alignment>0x1</alignment>
         <input_file_ref idref="fl-36"/>
      </object_component>
      <object_component id="oc-6a">
         <name>.debug_abbrev</name>
         <load_address>0x151a</load_address>
         <run_address>0x151a</run_address>
         <size>0xc2</size>
         <alignment>0x1</alignment>
         <input_file_ref idref="fl-38"/>
      </object_component>
      <object_component id="oc-4d">
         <name>.debug_abbrev</name>
         <load_address>0x15dc</load_address>
         <run_address>0x15dc</run_address>
         <size>0x70</size>
         <alignment>0x1</alignment>
         <input_file_ref idref="fl-39"/>
      </object_component>
      <object_component id="oc-45">
         <name>.debug_abbrev</name>
         <load_address>0x164c</load_address>
         <run_address>0x164c</run_address>
         <size>0x8d</size>
         <alignment>0x1</alignment>
         <input_file_ref idref="fl-3a"/>
      </object_component>
      <object_component id="oc-142">
         <name>.debug_abbrev</name>
         <load_address>0x16d9</load_address>
         <run_address>0x16d9</run_address>
         <size>0x98</size>
         <alignment>0x1</alignment>
         <input_file_ref idref="fl-3b"/>
      </object_component>
      <object_component id="oc-18d">
         <name>.debug_abbrev</name>
         <load_address>0x1771</load_address>
         <run_address>0x1771</run_address>
         <size>0x2c</size>
         <alignment>0x1</alignment>
         <input_file_ref idref="fl-dd"/>
      </object_component>
      <object_component id="oc-18c">
         <name>.debug_abbrev</name>
         <load_address>0x179d</load_address>
         <run_address>0x179d</run_address>
         <size>0x27</size>
         <alignment>0x1</alignment>
         <input_file_ref idref="fl-de"/>
      </object_component>
      <object_component id="oc-179">
         <name>.debug_abbrev</name>
         <load_address>0x17c4</load_address>
         <run_address>0x17c4</run_address>
         <size>0x27</size>
         <alignment>0x1</alignment>
         <input_file_ref idref="fl-df"/>
      </object_component>
      <object_component id="oc-19f">
         <name>.debug_abbrev</name>
         <load_address>0x17eb</load_address>
         <run_address>0x17eb</run_address>
         <size>0x27</size>
         <alignment>0x1</alignment>
         <input_file_ref idref="fl-e0"/>
      </object_component>
      <object_component id="oc-17a">
         <name>.debug_abbrev</name>
         <load_address>0x1812</load_address>
         <run_address>0x1812</run_address>
         <size>0x27</size>
         <alignment>0x1</alignment>
         <input_file_ref idref="fl-e1"/>
      </object_component>
      <object_component id="oc-19e">
         <name>.debug_abbrev</name>
         <load_address>0x1839</load_address>
         <run_address>0x1839</run_address>
         <size>0x27</size>
         <alignment>0x1</alignment>
         <input_file_ref idref="fl-e2"/>
      </object_component>
      <object_component id="oc-174">
         <name>.debug_abbrev</name>
         <load_address>0x1860</load_address>
         <run_address>0x1860</run_address>
         <size>0x27</size>
         <alignment>0x1</alignment>
         <input_file_ref idref="fl-e3"/>
      </object_component>
      <object_component id="oc-1a1">
         <name>.debug_abbrev</name>
         <load_address>0x1887</load_address>
         <run_address>0x1887</run_address>
         <size>0x27</size>
         <alignment>0x1</alignment>
         <input_file_ref idref="fl-e4"/>
      </object_component>
      <object_component id="oc-69">
         <name>.debug_abbrev</name>
         <load_address>0x18ae</load_address>
         <run_address>0x18ae</run_address>
         <size>0x27</size>
         <alignment>0x1</alignment>
         <input_file_ref idref="fl-e5"/>
      </object_component>
      <object_component id="oc-19d">
         <name>.debug_abbrev</name>
         <load_address>0x18d5</load_address>
         <run_address>0x18d5</run_address>
         <size>0x27</size>
         <alignment>0x1</alignment>
         <input_file_ref idref="fl-e7"/>
      </object_component>
      <object_component id="oc-1a0">
         <name>.debug_abbrev</name>
         <load_address>0x18fc</load_address>
         <run_address>0x18fc</run_address>
         <size>0x27</size>
         <alignment>0x1</alignment>
         <input_file_ref idref="fl-e8"/>
      </object_component>
      <object_component id="oc-1a2">
         <name>.debug_abbrev</name>
         <load_address>0x1923</load_address>
         <run_address>0x1923</run_address>
         <size>0x59</size>
         <alignment>0x1</alignment>
         <input_file_ref idref="fl-e9"/>
      </object_component>
      <object_component id="oc-d6">
         <name>.debug_abbrev</name>
         <load_address>0x197c</load_address>
         <run_address>0x197c</run_address>
         <size>0x25</size>
         <alignment>0x1</alignment>
         <input_file_ref idref="fl-ea"/>
      </object_component>
      <object_component id="oc-1eb">
         <name>.debug_abbrev</name>
         <load_address>0x19a1</load_address>
         <run_address>0x19a1</run_address>
         <size>0xf</size>
         <alignment>0x0</alignment>
      </object_component>
      <object_component id="oc-90">
         <name>.debug_info</name>
         <load_address>0x0</load_address>
         <run_address>0x0</run_address>
         <size>0xb4</size>
         <alignment>0x1</alignment>
         <input_file_ref idref="fl-1"/>
      </object_component>
      <object_component id="oc-3a">
         <name>.debug_info</name>
         <load_address>0xb4</load_address>
         <run_address>0xb4</run_address>
         <size>0x88b</size>
         <alignment>0x1</alignment>
         <input_file_ref idref="fl-2"/>
      </object_component>
      <object_component id="oc-9a">
         <name>.debug_info</name>
         <load_address>0x93f</load_address>
         <run_address>0x93f</run_address>
         <size>0x3b</size>
         <alignment>0x1</alignment>
         <input_file_ref idref="fl-3"/>
      </object_component>
      <object_component id="oc-98">
         <name>.debug_info</name>
         <load_address>0x97a</load_address>
         <run_address>0x97a</run_address>
         <size>0xf3e</size>
         <alignment>0x1</alignment>
         <input_file_ref idref="fl-4"/>
      </object_component>
      <object_component id="oc-37">
         <name>.debug_info</name>
         <load_address>0x18b8</load_address>
         <run_address>0x18b8</run_address>
         <size>0x471</size>
         <alignment>0x1</alignment>
         <input_file_ref idref="fl-6"/>
      </object_component>
      <object_component id="oc-8c">
         <name>.debug_info</name>
         <load_address>0x1d29</load_address>
         <run_address>0x1d29</run_address>
         <size>0x34b9</size>
         <alignment>0x1</alignment>
         <input_file_ref idref="fl-7"/>
      </object_component>
      <object_component id="oc-19">
         <name>.debug_info</name>
         <load_address>0x51e2</load_address>
         <run_address>0x51e2</run_address>
         <size>0x80</size>
         <alignment>0x1</alignment>
         <input_file_ref idref="fl-8"/>
      </object_component>
      <object_component id="oc-a9">
         <name>.debug_info</name>
         <load_address>0x5262</load_address>
         <run_address>0x5262</run_address>
         <size>0x870</size>
         <alignment>0x1</alignment>
         <input_file_ref idref="fl-9"/>
      </object_component>
      <object_component id="oc-b3">
         <name>.debug_info</name>
         <load_address>0x5ad2</load_address>
         <run_address>0x5ad2</run_address>
         <size>0xf4b</size>
         <alignment>0x1</alignment>
         <input_file_ref idref="fl-a"/>
      </object_component>
      <object_component id="oc-a4">
         <name>.debug_info</name>
         <load_address>0x6a1d</load_address>
         <run_address>0x6a1d</run_address>
         <size>0x4d9c</size>
         <alignment>0x1</alignment>
         <input_file_ref idref="fl-b"/>
      </object_component>
      <object_component id="oc-ff">
         <name>.debug_info</name>
         <load_address>0xb7b9</load_address>
         <run_address>0xb7b9</run_address>
         <size>0x729</size>
         <alignment>0x1</alignment>
         <input_file_ref idref="fl-c"/>
      </object_component>
      <object_component id="oc-f0">
         <name>.debug_info</name>
         <load_address>0xbee2</load_address>
         <run_address>0xbee2</run_address>
         <size>0x75</size>
         <alignment>0x1</alignment>
         <input_file_ref idref="fl-1a"/>
      </object_component>
      <object_component id="oc-f6">
         <name>.debug_info</name>
         <load_address>0xbf57</load_address>
         <run_address>0xbf57</run_address>
         <size>0xcc2</size>
         <alignment>0x1</alignment>
         <input_file_ref idref="fl-1b"/>
      </object_component>
      <object_component id="oc-119">
         <name>.debug_info</name>
         <load_address>0xcc19</load_address>
         <run_address>0xcc19</run_address>
         <size>0x3172</size>
         <alignment>0x1</alignment>
         <input_file_ref idref="fl-1c"/>
      </object_component>
      <object_component id="oc-1b">
[...]
      </symbol>
      <symbol id="sm-ae">
         <name>SYSCFG_DL_I2C_OLED_init</name>
         <value>0x58b9</value>
         <object_component_ref idref="oc-e3"/>
      </symbol>
      <symbol id="sm-af">
         <name>SYSCFG_DL_SYSTICK_init</name>
         <value>0x5bad</value>
         <object_component_ref idref="oc-e4"/>
      </symbol>
      <symbol id="sm-b0">
         <name>gPWM_MOTORBackup</name>
         <value>0x20200000</value>
      </symbol>
      <symbol id="sm-b1">
         <name>gTIMER_10MSBackup</name>
         <value>0x202000bc</value>
      </symbol>
      <symbol id="sm-bc">
         <name>Default_Handler</name>
         <value>0x5493</value>
         <object_component_ref idref="oc-33"/>
      </symbol>
      <symbol id="sm-bd">
         <name>Reset_Handler</name>
         <value>0x5d93</value>
         <object_component_ref idref="oc-2f"/>
      </symbol>
      <symbol id="sm-be">
         <name>interruptVectors</name>
         <value>0x0</value>
         <object_component_ref idref="oc-18"/>
      </symbol>
      <symbol id="sm-bf">
         <name>NMI_Handler</name>
         <value>0x5493</value>
         <object_component_ref idref="oc-33"/>
      </symbol>
      <symbol id="sm-c0">
         <name>HardFault_Handler</name>
         <value>0x5493</value>
         <object_component_ref idref="oc-33"/>
      </symbol>
      <symbol id="sm-c1">
         <name>SVC_Handler</name>
         <value>0x5493</value>
         <object_component_ref idref="oc-33"/>
      </symbol>
      <symbol id="sm-c2">
         <name>PendSV_Handler</name>
         <value>0x5493</value>
         <object_component_ref idref="oc-33"/>
      </symbol>
      <symbol id="sm-c3">
         <name>GROUP0_IRQHandler</name>
         <value>0x5493</value>
         <object_component_ref idref="oc-33"/>
      </symbol>
      <symbol id="sm-c4">
         <name>TIMG8_IRQHandler</name>
         <value>0x5493</value>
         <object_component_ref idref="oc-33"/>
      </symbol>
      <symbol id="sm-c5">
         <name>UART3_IRQHandler</name>
         <value>0x5493</value>
         <object_component_ref idref="oc-33"/>
      </symbol>
      <symbol id="sm-c6">
         <name>ADC0_IRQHandler</name>
         <value>0x5493</value>
         <object_component_ref idref="oc-33"/>
      </symbol>
      <symbol id="sm-c7">
         <name>ADC1_IRQHandler</name>
         <value>0x5493</value>
         <object_component_ref idref="oc-33"/>
      </symbol>
      <symbol id="sm-c8">
         <name>CANFD0_IRQHandler</name>
         <value>0x5493</value>
         <object_component_ref idref="oc-33"/>
      </symbol>
      <symbol id="sm-c9">
         <name>DAC0_IRQHandler</name>
         <value>0x5493</value>
         <object_component_ref idref="oc-33"/>
      </symbol>
      <symbol id="sm-ca">
         <name>SPI0_IRQHandler</name>
         <value>0x5493</value>
         <object_component_ref idref="oc-33"/>
      </symbol>
      <symbol id="sm-cb">
         <name>SPI1_IRQHandler</name>
         <value>0x5493</value>
         <object_component_ref idref="oc-33"/>
      </symbol>
      <symbol id="sm-cc">
         <name>UART1_IRQHandler</name>
         <value>0x5493</value>
         <object_component_ref idref="oc-33"/>
      </symbol>
      <symbol id="sm-cd">
         <name>UART2_IRQHandler</name>
         <value>0x5493</value>
         <object_component_ref idref="oc-33"/>
      </symbol>
      <symbol id="sm-ce">
         <name>UART0_IRQHandler</name>
         <value>0x5493</value>
         <object_component_ref idref="oc-33"/>
      </symbol>
      <symbol id="sm-cf">
         <name>TIMG0_IRQHandler</name>
         <value>0x5493</value>
         <object_component_ref idref="oc-33"/>
      </symbol>
      <symbol id="sm-d0">
         <name>TIMG6_IRQHandler</name>
         <value>0x5493</value>
         <object_component_ref idref="oc-33"/>
      </symbol>
      <symbol id="sm-d1">
         <name>TIMA0_IRQHandler</name>
         <value>0x5493</value>
         <object_component_ref idref="oc-33"/>
      </symbol>
      <symbol id="sm-d2">
         <name>TIMA1_IRQHandler</name>
         <value>0x5493</value>
         <object_component_ref idref="oc-33"/>
      </symbol>
      <symbol id="sm-d3">
         <name>TIMG7_IRQHandler</name>
         <value>0x5493</value>
         <object_component_ref idref="oc-33"/>
      </symbol>
      <symbol id="sm-d4">
         <name>TIMG12_IRQHandler</name>
         <value>0x5493</value>
         <object_component_ref idref="oc-33"/>
      </symbol>
      <symbol id="sm-d5">
         <name>I2C0_IRQHandler</name>
         <value>0x5493</value>
         <object_component_ref idref="oc-33"/>
      </symbol>
      <symbol id="sm-d6">
         <name>I2C1_IRQHandler</name>
         <value>0x5493</value>
         <object_component_ref idref="oc-33"/>
      </symbol>
      <symbol id="sm-d7">
         <name>AES_IRQHandler</name>
         <value>0x5493</value>
         <object_component_ref idref="oc-33"/>
      </symbol>
      <symbol id="sm-d8">
         <name>RTC_IRQHandler</name>
         <value>0x5493</value>
         <object_component_ref idref="oc-33"/>
      </symbol>
      <symbol id="sm-d9">
         <name>DMA_IRQHandler</name>
         <value>0x5493</value>
         <object_component_ref idref="oc-33"/>
      </symbol>
      <symbol id="sm-f3">
         <name>PID_Reset</name>
         <value>0x5735</value>
         <object_component_ref idref="oc-b6"/>
      </symbol>
      <symbol id="sm-f4">
         <name>left</name>
         <value>0x20200178</value>
         <object_component_ref idref="oc-136"/>
      </symbol>
      <symbol id="sm-f5">
         <name>right</name>
         <value>0x20200184</value>
         <object_component_ref idref="oc-137"/>
      </symbol>
      <symbol id="sm-f6">
         <name>Vel_A_ControlVelocity</name>
         <value>0x202001a8</value>
         <object_component_ref idref="oc-138"/>
      </symbol>
      <symbol id="sm-f7">
         <name>Vel_A_Last_bias</name>
         <value>0x202001ac</value>
         <object_component_ref idref="oc-139"/>
      </symbol>
      <symbol id="sm-f8">
         <name>Vel_B_ControlVelocity</name>
         <value>0x202001b0</value>
         <object_component_ref idref="oc-13a"/>
      </symbol>
      <symbol id="sm-f9">
         <name>Vel_B_Last_bias</name>
         <value>0x202001b4</value>
         <object_component_ref idref="oc-13b"/>
      </symbol>
      <symbol id="sm-fa">
         <name>RorL</name>
         <value>0x202001e9</value>
         <object_component_ref idref="oc-13c"/>
      </symbol>
      <symbol id="sm-fb">
         <name>Turn_Lock_State</name>
         <value>0x202001a4</value>
         <object_component_ref idref="oc-13d"/>
      </symbol>
      <symbol id="sm-fc">
         <name>Velcity_Kd1</name>
         <value>0x202001b8</value>
         <object_component_ref idref="oc-133"/>
      </symbol>
      <symbol id="sm-fd">
         <name>Velcity_Ki1</name>
         <value>0x202001c0</value>
         <object_component_ref idref="oc-16e"/>
      </symbol>
      <symbol id="sm-fe">
         <name>Velcity_Kp1</name>
         <value>0x202001c8</value>
         <object_component_ref idref="oc-134"/>
      </symbol>
      <symbol id="sm-ff">
         <name>Velcity_Kd2</name>
         <value>0x202001bc</value>
         <object_component_ref idref="oc-16f"/>
      </symbol>
      <symbol id="sm-100">
         <name>Velcity_Ki2</name>
         <value>0x202001c4</value>
         <object_component_ref idref="oc-170"/>
      </symbol>
      <symbol id="sm-101">
         <name>Velcity_Kp2</name>
         <value>0x202001cc</value>
         <object_component_ref idref="oc-171"/>
      </symbol>
      <symbol id="sm-102">
         <name>error_get</name>
         <value>0x4fa9</value>
         <object_component_ref idref="oc-163"/>
      </symbol>
      <symbol id="sm-103">
         <name>PWM_BASIC</name>
         <value>0x202001a0</value>
         <object_component_ref idref="oc-132"/>
      </symbol>
      <symbol id="sm-104">
         <name>OFFSET_LEFT</name>
         <value>0x20200198</value>
         <object_component_ref idref="oc-16d"/>
      </symbol>
      <symbol id="sm-105">
         <name>OFFSET_RIGHT</name>
         <value>0x2020019c</value>
         <object_component_ref idref="oc-16c"/>
      </symbol>
      <symbol id="sm-106">
         <name>setspeed_pid</name>
         <value>0x482d</value>
         <object_component_ref idref="oc-fc"/>
      </symbol>
      <symbol id="sm-107">
         <name>Run_Square_Map</name>
         <value>0x4ce1</value>
         <object_component_ref idref="oc-a5"/>
      </symbol>
      <symbol id="sm-108">
         <name>Run_Normal_Map</name>
         <value>0x5d79</value>
         <object_component_ref idref="oc-b7"/>
      </symbol>
      <symbol id="sm-13d">
         <name>Show_Settings_Menu</name>
         <value>0x4b01</value>
         <object_component_ref idref="oc-124"/>
      </symbol>
      <symbol id="sm-13e">
         <name>Map_Selection</name>
         <value>0x20200194</value>
         <object_component_ref idref="oc-ba"/>
      </symbol>
      <symbol id="sm-13f">
         <name>Loop_Target</name>
         <value>0x20200190</value>
         <object_component_ref idref="oc-bb"/>
      </symbol>
      <symbol id="sm-140">
         <name>Menu_Init</name>
         <value>0x5c81</value>
         <object_component_ref idref="oc-af"/>
      </symbol>
      <symbol id="sm-141">
         <name>Menu_Run</name>
         <value>0x3aad</value>
         <object_component_ref idref="oc-b4"/>
      </symbol>
      <symbol id="sm-171">
         <name>OLED_Set_Pos</name>
         <value>0x3595</value>
         <object_component_ref idref="oc-17d"/>
      </symbol>
      <symbol id="sm-172">
         <name>OLED_Clear</name>
         <value>0x2eb1</value>
         <object_component_ref idref="oc-ad"/>
      </symbol>
      <symbol id="sm-173">
         <name>OLED_ShowChar</name>
         <value>0x43d5</value>
         <object_component_ref idref="oc-11d"/>
      </symbol>
      <symbol id="sm-174">
         <name>asc2_0806</name>
         <value>0x6390</value>
         <object_component_ref idref="oc-17e"/>
      </symbol>
      <symbol id="sm-175">
         <name>asc2_1608</name>
         <value>0x5da0</value>
         <object_component_ref idref="oc-17f"/>
      </symbol>
      <symbol id="sm-176">
         <name>OLED_ShowNum</name>
         <value>0x3f45</value>
         <object_component_ref idref="oc-fb"/>
      </symbol>
      <symbol id="sm-177">
         <name>OLED_ShowString</name>
         <value>0x56b9</value>
         <object_component_ref idref="oc-ae"/>
      </symbol>
      <symbol id="sm-178">
         <name>OLED_Init</name>
         <value>0xc1</value>
         <object_component_ref idref="oc-9f"/>
      </symbol>
      <symbol id="sm-185">
         <name>digtal</name>
         <value>0x590d</value>
         <object_component_ref idref="oc-fd"/>
      </symbol>
      <symbol id="sm-186">
         <name>__TI_ATRegion0_src_addr</name>
         <value>0x0</value>
      </symbol>
      <symbol id="sm-187">
         <name>__TI_ATRegion0_trg_addr</name>
         <value>0x0</value>
      </symbol>
      <symbol id="sm-188">
         <name>__TI_ATRegion0_region_sz</name>
         <value>0x0</value>
      </symbol>
      <symbol id="sm-189">
         <name>__TI_ATRegion1_src_addr</name>
         <value>0x0</value>
      </symbol>
      <symbol id="sm-18a">
         <name>__TI_ATRegion1_trg_addr</name>
         <value>0x0</value>
      </symbol>
      <symbol id="sm-18b">
         <name>__TI_ATRegion1_region_sz</name>
         <value>0x0</value>
      </symbol>
      <symbol id="sm-18c">
         <name>__TI_ATRegion2_src_addr</name>
         <value>0x0</value>
      </symbol>
      <symbol id="sm-18d">
         <name>__TI_ATRegion2_trg_addr</name>
         <value>0x0</value>
      </symbol>
      <symbol id="sm-18e">
         <name>__TI_ATRegion2_region_sz</name>
         <value>0x0</value>
      </symbol>
      <symbol id="sm-197">
         <name>DL_Common_delayCycles</name>
         <value>0x5d6f</value>
         <object_component_ref idref="oc-ef"/>
      </symbol>
      <symbol id="sm-1a3">
         <name>DL_I2C_setClockConfig</name>
         <value>0x5c59</value>
         <object_component_ref idref="oc-158"/>
      </symbol>
      <symbol id="sm-1a4">
         <name>DL_I2C_fillControllerTXFIFO</name>
         <value>0x5801</value>
         <object_component_ref idref="oc-f3"/>
      </symbol>
      <symbol id="sm-1c0">
         <name>DL_Timer_setClockConfig</name>
         <value>0x5ce5</value>
         <object_component_ref idref="oc-14f"/>
      </symbol>
      <symbol id="sm-1c1">
         <name>DL_Timer_initTimerMode</name>
         <value>0x50ad</value>
         <object_component_ref idref="oc-155"/>
      </symbol>
      <symbol id="sm-1c2">
         <name>DL_Timer_setCaptureCompareValue</name>
         <value>0x5d41</value>
         <object_component_ref idref="oc-115"/>
      </symbol>
      <symbol id="sm-1c3">
         <name>DL_Timer_setCaptCompUpdateMethod</name>
         <value>0x5cc9</value>
         <object_component_ref idref="oc-152"/>
      </symbol>
      <symbol id="sm-1c4">
         <name>DL_Timer_setCaptureCompareOutCtl</name>
         <value>0x5d01</value>
         <object_component_ref idref="oc-151"/>
      </symbol>
      <symbol id="sm-1c5">
         <name>DL_Timer_initFourCCPWMMode</name>
         <value>0x4ea5</value>
         <object_component_ref idref="oc-150"/>
      </symbol>
      <symbol id="sm-1d0">
         <name>_c_int00_noargs</name>
         <value>0x5c31</value>
         <object_component_ref idref="oc-59"/>
      </symbol>
      <symbol id="sm-1d1">
         <name>__stack</name>
         <value>0x20207e00</value>
         <object_component_ref idref="oc-1a"/>
      </symbol>
      <symbol id="sm-1dd">
         <name>__TI_auto_init_nobinit_nopinit</name>
         <value>0x5a5d</value>
         <object_component_ref idref="oc-c4"/>
      </symbol>
      <symbol id="sm-1e5">
         <name>_system_pre_init</name>
         <value>0x5d97</value>
         <object_component_ref idref="oc-71"/>
      </symbol>
      <symbol id="sm-1f0">
         <name>__TI_zero_init_nomemset</name>
         <value>0x5d19</value>
         <object_component_ref idref="oc-50"/>
      </symbol>
      <symbol id="sm-1f9">
         <name>__TI_decompress_none</name>
         <value>0x5d2f</value>
         <object_component_ref idref="oc-20"/>
      </symbol>
      <symbol id="sm-204">
         <name>__TI_decompress_lzss</name>
         <value>0x563d</value>
         <object_component_ref idref="oc-1c"/>
      </symbol>
      <symbol id="sm-20e">
         <name>abort</name>
         <value>0x5d89</value>
         <object_component_ref idref="oc-bd"/>
      </symbol>
      <symbol id="sm-218">
         <name>HOSTexit</name>
         <value>0x5d8f</value>
         <object_component_ref idref="oc-13e"/>
      </symbol>
      <symbol id="sm-219">
         <name>C$$EXIT</name>
         <value>0x5d8e</value>
         <object_component_ref idref="oc-13e"/>
      </symbol>
      <symbol id="sm-21f">
         <name>__aeabi_fadd</name>
         <value>0x519f</value>
         <object_component_ref idref="oc-125"/>
      </symbol>
      <symbol id="sm-220">
         <name>__addsf3</name>
         <value>0x519f</value>
         <object_component_ref idref="oc-125"/>
      </symbol>
      <symbol id="sm-221">
         <name>__aeabi_fsub</name>
         <value>0x5195</value>
         <object_component_ref idref="oc-125"/>
      </symbol>
      <symbol id="sm-222">
         <name>__subsf3</name>
         <value>0x5195</value>
         <object_component_ref idref="oc-125"/>
      </symbol>
      <symbol id="sm-228">
         <name>__aeabi_fmul</name>
         <value>0x55b1</value>
         <object_component_ref idref="oc-107"/>
      </symbol>
      <symbol id="sm-229">
         <name>__mulsf3</name>
         <value>0x55b1</value>
         <object_component_ref idref="oc-107"/>
      </symbol>
      <symbol id="sm-22f">
         <name>__aeabi_f2iz</name>
         <value>0x5b0d</value>
         <object_component_ref idref="oc-168"/>
      </symbol>
      <symbol id="sm-230">
         <name>__fixsfsi</name>
         <value>0x5b0d</value>
         <object_component_ref idref="oc-168"/>
      </symbol>
      <symbol id="sm-236">
         <name>__aeabi_f2uiz</name>
         <value>0x5b79</value>
         <object_component_ref idref="oc-10b"/>
      </symbol>
      <symbol id="sm-237">
         <name>__fixunssfsi</name>
         <value>0x5b79</value>
         <object_component_ref idref="oc-10b"/>
      </symbol>
      <symbol id="sm-23d">
         <name>__aeabi_i2f</name>
         <value>0x5a21</value>
         <object_component_ref idref="oc-164"/>
      </symbol>
      <symbol id="sm-23e">
         <name>__floatsisf</name>
         <value>0x5a21</value>
         <object_component_ref idref="oc-164"/>
      </symbol>
      <symbol id="sm-244">
         <name>__aeabi_ui2f</name>
         <value>0x5c09</value>
         <object_component_ref idref="oc-103"/>
      </symbol>
      <symbol id="sm-245">
         <name>__floatunsisf</name>
         <value>0x5c09</value>
         <object_component_ref idref="oc-103"/>
      </symbol>
      <symbol id="sm-24b">
         <name>__aeabi_idiv</name>
         <value>0x5861</value>
         <object_component_ref idref="oc-180"/>
      </symbol>
      <symbol id="sm-24c">
         <name>__aeabi_idivmod</name>
         <value>0x5861</value>
         <object_component_ref idref="oc-180"/>
      </symbol>
      <symbol id="sm-252">
         <name>__aeabi_memcpy</name>
         <value>0x5d81</value>
         <object_component_ref idref="oc-49"/>
      </symbol>
      <symbol id="sm-253">
         <name>__aeabi_memcpy4</name>
         <value>0x5d81</value>
         <object_component_ref idref="oc-49"/>
      </symbol>
      <symbol id="sm-254">
         <name>__aeabi_memcpy8</name>
         <value>0x5d81</value>
         <object_component_ref idref="oc-49"/>
      </symbol>
      <symbol id="sm-25a">
         <name>__aeabi_uidiv</name>
         <value>0x59e1</value>
         <object_component_ref idref="oc-15f"/>
      </symbol>
      <symbol id="sm-25b">
         <name>__aeabi_uidivmod</name>
         <value>0x59e1</value>
         <object_component_ref idref="oc-15f"/>
      </symbol>
      <symbol id="sm-261">
         <name>__muldsi3</name>
         <value>0x5a99</value>
         <object_component_ref idref="oc-175"/>
      </symbol>
      <symbol id="sm-26b">
         <name>__aeabi_idiv0</name>
         <value>0x585f</value>
         <object_component_ref idref="oc-198"/>
      </symbol>
      <symbol id="sm-284">
         <name>memcpy</name>
         <value>0x53f9</value>
         <object_component_ref idref="oc-85"/>
      </symbol>
      <symbol id="sm-285">
         <name>__TI_static_base__</name>
         <value>0x0</value>
      </symbol>
      <symbol id="sm-288">
         <name>__mpu_init</name>
         <value>0x0</value>
      </symbol>
      <symbol id="sm-289">
         <name>_system_post_cinit</name>
         <value>0x0</value>
      </symbol>
   </symbol_table>
   <title>Link successful</title>
</link_info>
